{
    "Should run without failures": {
        "content": [
            [
                [
                    {
                        "id": "12483_8#10"
                    },
                    "12483_8#10.vcf:md5,0c3c3fd9833f0c466ac0ea9c4b957049"
                ]
            ]
        ],
        "timestamp": "2023-05-03T15:05:03+0000"
    }
}