{
    "Should run without failures": {
        "content": [
            [
                [
                    {
                        "id": "12483_8#10"
                    },
                    "12483_8#10_GCF_000011265.1.fa:md5,058a8833301ed92698725014a5e7abe4"
                ]
            ]
        ],
        "timestamp": "2023-04-17T10:30:22+0000"
    }
}